          1 個のファイルをコピーしました。
          1 個のファイルをコピーしました。
  GameObject.cpp
  GameObjectManager.cpp
  AudioHandle.cpp
  RootSignatureManager.cpp
  ImGuiFileDialog.cpp
  BaseCharater.cpp
  AudioManager.cpp
  MediaAudioDecoder.cpp
  AudioPlayer.cpp
  Input.cpp
  Logger.cpp
  Window.cpp
  DebugGuiManager.cpp
  DebugLayerManager.cpp
  ImGuiManager.cpp
  Engine.cpp
  DescriptorManager.cpp
  GraphicDevice.cpp
  PSOManager.cpp
  PostEffectManager.cpp
  BufferManager.cpp
  CommandManager.cpp
  DSVManager.cpp
  RenderContext.cpp
  RenderCoordinator.cpp
  RTVManager.cpp
  ShaderManager.cpp
  SwapChain.cpp
  MaterialManager.cpp
  Mesh.cpp
  ModelLoader.cpp
  SRVManager.cpp
  TextureManager.cpp
  BlendMode.cpp
  LightManager.cpp
  ShapeGenerator.cpp
  Camera.cpp
  CameraManager.cpp
  DebugCamera.cpp
  MathUtils.cpp
  Matrix3x3.cpp
  Matrix4x4.cpp
  StringUtils.cpp
  Vector2.cpp
  Vector3.cpp
  Vector4.cpp
  WorldTransform.cpp
  Model.cpp
  imgui.cpp
  imgui_demo.cpp
  imgui_draw.cpp
  imgui_impl_dx12.cpp
  imgui_impl_win32.cpp
  imgui_tables.cpp
  imgui_widgets.cpp
  FollowCamera.cpp
  CameraController.cpp
  Enemy.cpp
  Player.cpp
  TextureHandle.cpp
  Easing.cpp
  Fade.cpp
  Game.cpp
  MapChipField.cpp
  Particle.cpp
  Skydome.cpp
  Collider.cpp
  Collision.cpp
  CollisionManager.cpp
  Quaternion.cpp
  BaseScene.cpp
  PlayScene.cpp
  SceneManager.cpp
  TitleScene.cpp
  TimedCall.cpp
  Ground.cpp
  GlobalVariables.cpp
  main.cpp
  TimeManager.cpp
  SRVAllocator.cpp
  ModelHandle.cpp
  ParticleEmitter.cpp
  SampleSceneHori.cpp
  SampleSceneMikami.cpp
  SampleSceneSuyama.cpp
  Sprite.cpp
  ShakeEffect.cpp
  PlayerState.cpp
  PlayerStateJump.cpp
  PlayerStateLand.cpp
  PlayerStateTailFlip.cpp
  PlayerWalkState.cpp
assimp-vc143-mtd.lib(Importer.obj) : warning LNK4099: PDB '' が 'assimp-vc143-mtd.lib(Importer.obj)' で、または '' に見つかりません。デバッグ情報がないものとして、オブジェクトにリンクします。
assimp-vc143-mtd.lib(MaterialSystem.obj) : warning LNK4099: PDB '' が 'assimp-vc143-mtd.lib(MaterialSystem.obj)' で、または '' に見つかりません。デバッグ情報がないものとして、オブジェクトにリンクします。
assimp-vc143-mtd.lib(Version.obj) : warning LNK4099: PDB '' が 'assimp-vc143-mtd.lib(Version.obj)' で、または '' に見つかりません。デバッグ情報がないものとして、オブジェクトにリンクします。
assimp-vc143-mtd.lib(AssertHandler.obj) : warning LNK4099: PDB '' が 'assimp-vc143-mtd.lib(AssertHandler.obj)' で、または '' に見つかりません。デバッグ情報がないものとして、オブジェクトにリンクします。
assimp-vc143-mtd.lib(BaseProcess.obj) : warning LNK4099: PDB '' が 'assimp-vc143-mtd.lib(BaseProcess.obj)' で、または '' に見つかりません。デバッグ情報がないものとして、オブジェクトにリンクします。
assimp-vc143-mtd.lib(DefaultLogger.obj) : warning LNK4099: PDB '' が 'assimp-vc143-mtd.lib(DefaultLogger.obj)' で、または '' に見つかりません。デバッグ情報がないものとして、オブジェクトにリンクします。
assimp-vc143-mtd.lib(ScenePreprocessor.obj) : warning LNK4099: PDB '' が 'assimp-vc143-mtd.lib(ScenePreprocessor.obj)' で、または '' に見つかりません。デバッグ情報がないものとして、オブジェクトにリンクします。
assimp-vc143-mtd.lib(BaseImporter.obj) : warning LNK4099: PDB '' が 'assimp-vc143-mtd.lib(BaseImporter.obj)' で、または '' に見つかりません。デバッグ情報がないものとして、オブジェクトにリンクします。
assimp-vc143-mtd.lib(DefaultIOSystem.obj) : warning LNK4099: PDB '' が 'assimp-vc143-mtd.lib(DefaultIOSystem.obj)' で、または '' に見つかりません。デバッグ情報がないものとして、オブジェクトにリンクします。
assimp-vc143-mtd.lib(IOSystem.obj) : warning LNK4099: PDB '' が 'assimp-vc143-mtd.lib(IOSystem.obj)' で、または '' に見つかりません。デバッグ情報がないものとして、オブジェクトにリンクします。
assimp-vc143-mtd.lib(ValidateDataStructure.obj) : warning LNK4099: PDB '' が 'assimp-vc143-mtd.lib(ValidateDataStructure.obj)' で、または '' に見つかりません。デバッグ情報がないものとして、オブジェクトにリンクします。
assimp-vc143-mtd.lib(ImporterRegistry.obj) : warning LNK4099: PDB '' が 'assimp-vc143-mtd.lib(ImporterRegistry.obj)' で、または '' に見つかりません。デバッグ情報がないものとして、オブジェクトにリンクします。
assimp-vc143-mtd.lib(PostStepRegistry.obj) : warning LNK4099: PDB '' が 'assimp-vc143-mtd.lib(PostStepRegistry.obj)' で、または '' に見つかりません。デバッグ情報がないものとして、オブジェクトにリンクします。
assimp-vc143-mtd.lib(Exceptional.obj) : warning LNK4099: PDB '' が 'assimp-vc143-mtd.lib(Exceptional.obj)' で、または '' に見つかりません。デバッグ情報がないものとして、オブジェクトにリンクします。
assimp-vc143-mtd.lib(scene.obj) : warning LNK4099: PDB '' が 'assimp-vc143-mtd.lib(scene.obj)' で、または '' に見つかりません。デバッグ情報がないものとして、オブジェクトにリンクします。
assimp-vc143-mtd.lib(DefaultIOStream.obj) : warning LNK4099: PDB '' が 'assimp-vc143-mtd.lib(DefaultIOStream.obj)' で、または '' に見つかりません。デバッグ情報がないものとして、オブジェクトにリンクします。
assimp-vc143-mtd.lib(material.obj) : warning LNK4099: PDB '' が 'assimp-vc143-mtd.lib(material.obj)' で、または '' に見つかりません。デバッグ情報がないものとして、オブジェクトにリンクします。
assimp-vc143-mtd.lib(ObjFileImporter.obj) : warning LNK4099: PDB '' が 'assimp-vc143-mtd.lib(ObjFileImporter.obj)' で、または '' に見つかりません。デバッグ情報がないものとして、オブジェクトにリンクします。
assimp-vc143-mtd.lib(glTFImporter.obj) : warning LNK4099: PDB '' が 'assimp-vc143-mtd.lib(glTFImporter.obj)' で、または '' に見つかりません。デバッグ情報がないものとして、オブジェクトにリンクします。
assimp-vc143-mtd.lib(glTF2Importer.obj) : warning LNK4099: PDB '' が 'assimp-vc143-mtd.lib(glTF2Importer.obj)' で、または '' に見つかりません。デバッグ情報がないものとして、オブジェクトにリンクします。
assimp-vc143-mtd.lib(SpatialSort.obj) : warning LNK4099: PDB '' が 'assimp-vc143-mtd.lib(SpatialSort.obj)' で、または '' に見つかりません。デバッグ情報がないものとして、オブジェクトにリンクします。
assimp-vc143-mtd.lib(ProcessHelper.obj) : warning LNK4099: PDB '' が 'assimp-vc143-mtd.lib(ProcessHelper.obj)' で、または '' に見つかりません。デバッグ情報がないものとして、オブジェクトにリンクします。
assimp-vc143-mtd.lib(CalcTangentsProcess.obj) : warning LNK4099: PDB '' が 'assimp-vc143-mtd.lib(CalcTangentsProcess.obj)' で、または '' に見つかりません。デバッグ情報がないものとして、オブジェクトにリンクします。
assimp-vc143-mtd.lib(JoinVerticesProcess.obj) : warning LNK4099: PDB '' が 'assimp-vc143-mtd.lib(JoinVerticesProcess.obj)' で、または '' に見つかりません。デバッグ情報がないものとして、オブジェクトにリンクします。
assimp-vc143-mtd.lib(ConvertToLHProcess.obj) : warning LNK4099: PDB '' が 'assimp-vc143-mtd.lib(ConvertToLHProcess.obj)' で、または '' に見つかりません。デバッグ情報がないものとして、オブジェクトにリンクします。
assimp-vc143-mtd.lib(TriangulateProcess.obj) : warning LNK4099: PDB '' が 'assimp-vc143-mtd.lib(TriangulateProcess.obj)' で、または '' に見つかりません。デバッグ情報がないものとして、オブジェクトにリンクします。
assimp-vc143-mtd.lib(DropFaceNormalsProcess.obj) : warning LNK4099: PDB '' が 'assimp-vc143-mtd.lib(DropFaceNormalsProcess.obj)' で、または '' に見つかりません。デバッグ情報がないものとして、オブジェクトにリンクします。
assimp-vc143-mtd.lib(GenFaceNormalsProcess.obj) : warning LNK4099: PDB '' が 'assimp-vc143-mtd.lib(GenFaceNormalsProcess.obj)' で、または '' に見つかりません。デバッグ情報がないものとして、オブジェクトにリンクします。
assimp-vc143-mtd.lib(GenVertexNormalsProcess.obj) : warning LNK4099: PDB '' が 'assimp-vc143-mtd.lib(GenVertexNormalsProcess.obj)' で、または '' に見つかりません。デバッグ情報がないものとして、オブジェクトにリンクします。
assimp-vc143-mtd.lib(RemoveVCProcess.obj) : warning LNK4099: PDB '' が 'assimp-vc143-mtd.lib(RemoveVCProcess.obj)' で、または '' に見つかりません。デバッグ情報がないものとして、オブジェクトにリンクします。
assimp-vc143-mtd.lib(SplitLargeMeshes.obj) : warning LNK4099: PDB '' が 'assimp-vc143-mtd.lib(SplitLargeMeshes.obj)' で、または '' に見つかりません。デバッグ情報がないものとして、オブジェクトにリンクします。
assimp-vc143-mtd.lib(PretransformVertices.obj) : warning LNK4099: PDB '' が 'assimp-vc143-mtd.lib(PretransformVertices.obj)' で、または '' に見つかりません。デバッグ情報がないものとして、オブジェクトにリンクします。
assimp-vc143-mtd.lib(LimitBoneWeightsProcess.obj) : warning LNK4099: PDB '' が 'assimp-vc143-mtd.lib(LimitBoneWeightsProcess.obj)' で、または '' に見つかりません。デバッグ情報がないものとして、オブジェクトにリンクします。
assimp-vc143-mtd.lib(ImproveCacheLocality.obj) : warning LNK4099: PDB '' が 'assimp-vc143-mtd.lib(ImproveCacheLocality.obj)' で、または '' に見つかりません。デバッグ情報がないものとして、オブジェクトにリンクします。
assimp-vc143-mtd.lib(FixNormalsStep.obj) : warning LNK4099: PDB '' が 'assimp-vc143-mtd.lib(FixNormalsStep.obj)' で、または '' に見つかりません。デバッグ情報がないものとして、オブジェクトにリンクします。
assimp-vc143-mtd.lib(RemoveRedundantMaterials.obj) : warning LNK4099: PDB '' が 'assimp-vc143-mtd.lib(RemoveRedundantMaterials.obj)' で、または '' に見つかりません。デバッグ情報がないものとして、オブジェクトにリンクします。
assimp-vc143-mtd.lib(EmbedTexturesProcess.obj) : warning LNK4099: PDB '' が 'assimp-vc143-mtd.lib(EmbedTexturesProcess.obj)' で、または '' に見つかりません。デバッグ情報がないものとして、オブジェクトにリンクします。
assimp-vc143-mtd.lib(FindInvalidDataProcess.obj) : warning LNK4099: PDB '' が 'assimp-vc143-mtd.lib(FindInvalidDataProcess.obj)' で、または '' に見つかりません。デバッグ情報がないものとして、オブジェクトにリンクします。
assimp-vc143-mtd.lib(FindDegenerates.obj) : warning LNK4099: PDB '' が 'assimp-vc143-mtd.lib(FindDegenerates.obj)' で、または '' に見つかりません。デバッグ情報がないものとして、オブジェクトにリンクします。
assimp-vc143-mtd.lib(SortByPTypeProcess.obj) : warning LNK4099: PDB '' が 'assimp-vc143-mtd.lib(SortByPTypeProcess.obj)' で、または '' に見つかりません。デバッグ情報がないものとして、オブジェクトにリンクします。
assimp-vc143-mtd.lib(ComputeUVMappingProcess.obj) : warning LNK4099: PDB '' が 'assimp-vc143-mtd.lib(ComputeUVMappingProcess.obj)' で、または '' に見つかりません。デバッグ情報がないものとして、オブジェクトにリンクします。
assimp-vc143-mtd.lib(TextureTransform.obj) : warning LNK4099: PDB '' が 'assimp-vc143-mtd.lib(TextureTransform.obj)' で、または '' に見つかりません。デバッグ情報がないものとして、オブジェクトにリンクします。
assimp-vc143-mtd.lib(FindInstancesProcess.obj) : warning LNK4099: PDB '' が 'assimp-vc143-mtd.lib(FindInstancesProcess.obj)' で、または '' に見つかりません。デバッグ情報がないものとして、オブジェクトにリンクします。
assimp-vc143-mtd.lib(OptimizeMeshes.obj) : warning LNK4099: PDB '' が 'assimp-vc143-mtd.lib(OptimizeMeshes.obj)' で、または '' に見つかりません。デバッグ情報がないものとして、オブジェクトにリンクします。
assimp-vc143-mtd.lib(OptimizeGraph.obj) : warning LNK4099: PDB '' が 'assimp-vc143-mtd.lib(OptimizeGraph.obj)' で、または '' に見つかりません。デバッグ情報がないものとして、オブジェクトにリンクします。
assimp-vc143-mtd.lib(SplitByBoneCountProcess.obj) : warning LNK4099: PDB '' が 'assimp-vc143-mtd.lib(SplitByBoneCountProcess.obj)' で、または '' に見つかりません。デバッグ情報がないものとして、オブジェクトにリンクします。
assimp-vc143-mtd.lib(DeboneProcess.obj) : warning LNK4099: PDB '' が 'assimp-vc143-mtd.lib(DeboneProcess.obj)' で、または '' に見つかりません。デバッグ情報がないものとして、オブジェクトにリンクします。
assimp-vc143-mtd.lib(ScaleProcess.obj) : warning LNK4099: PDB '' が 'assimp-vc143-mtd.lib(ScaleProcess.obj)' で、または '' に見つかりません。デバッグ情報がないものとして、オブジェクトにリンクします。
assimp-vc143-mtd.lib(ArmaturePopulate.obj) : warning LNK4099: PDB '' が 'assimp-vc143-mtd.lib(ArmaturePopulate.obj)' で、または '' に見つかりません。デバッグ情報がないものとして、オブジェクトにリンクします。
assimp-vc143-mtd.lib(GenBoundingBoxesProcess.obj) : warning LNK4099: PDB '' が 'assimp-vc143-mtd.lib(GenBoundingBoxesProcess.obj)' で、または '' に見つかりません。デバッグ情報がないものとして、オブジェクトにリンクします。
assimp-vc143-mtd.lib(ObjFileParser.obj) : warning LNK4099: PDB '' が 'assimp-vc143-mtd.lib(ObjFileParser.obj)' で、または '' に見つかりません。デバッグ情報がないものとして、オブジェクトにリンクします。
assimp-vc143-mtd.lib(glTFCommon.obj) : warning LNK4099: PDB '' が 'assimp-vc143-mtd.lib(glTFCommon.obj)' で、または '' に見つかりません。デバッグ情報がないものとして、オブジェクトにリンクします。
assimp-vc143-mtd.lib(Base64.obj) : warning LNK4099: PDB '' が 'assimp-vc143-mtd.lib(Base64.obj)' で、または '' に見つかりません。デバッグ情報がないものとして、オブジェクトにリンクします。
assimp-vc143-mtd.lib(o3dgcTriangleFans.obj) : warning LNK4099: PDB '' が 'assimp-vc143-mtd.lib(o3dgcTriangleFans.obj)' で、または '' に見つかりません。デバッグ情報がないものとして、オブジェクトにリンクします。
assimp-vc143-mtd.lib(o3dgcArithmeticCodec.obj) : warning LNK4099: PDB '' が 'assimp-vc143-mtd.lib(o3dgcArithmeticCodec.obj)' で、または '' に見つかりません。デバッグ情報がないものとして、オブジェクトにリンクします。
assimp-vc143-mtd.lib(CreateAnimMesh.obj) : warning LNK4099: PDB '' が 'assimp-vc143-mtd.lib(CreateAnimMesh.obj)' で、または '' に見つかりません。デバッグ情報がないものとして、オブジェクトにリンクします。
assimp-vc143-mtd.lib(SceneCombiner.obj) : warning LNK4099: PDB '' が 'assimp-vc143-mtd.lib(SceneCombiner.obj)' で、または '' に見つかりません。デバッグ情報がないものとして、オブジェクトにリンクします。
assimp-vc143-mtd.lib(VertexTriangleAdjacency.obj) : warning LNK4099: PDB '' が 'assimp-vc143-mtd.lib(VertexTriangleAdjacency.obj)' で、または '' に見つかりません。デバッグ情報がないものとして、オブジェクトにリンクします。
assimp-vc143-mtd.lib(GeometryUtils.obj) : warning LNK4099: PDB '' が 'assimp-vc143-mtd.lib(GeometryUtils.obj)' で、または '' に見つかりません。デバッグ情報がないものとして、オブジェクトにリンクします。
assimp-vc143-mtd.lib(ObjFileMtlImporter.obj) : warning LNK4099: PDB '' が 'assimp-vc143-mtd.lib(ObjFileMtlImporter.obj)' で、または '' に見つかりません。デバッグ情報がないものとして、オブジェクトにリンクします。
  DirectXGame.vcxproj -> C:\Users\souhe\授業\GE3\DirectXGame\x64\Debug\DirectXGame.exe
